[
 {
  "vulnerability": {
   "id": "CVE-1999-0001",
   "description": "1999-01 description",
   "cvss-v3": {
    "base-score": 4,
    "vector": "another vector"
   },
   "fixed-in-version": "the-next-version"
  },
  "match-details": {
   "matcher": "dpkg-matcher",
   "search-key": {
    "distro": {
     "type": "ubuntu",
     "version": "20.04"
    }
   },
   "matched-on": {
    "constraint": ">= 20"
   }
  },
  "artifact": {
   "name": "package-1",
   "version": "1.0.1",
   "type": "deb",
   "found-by": [
    "the-cataloger-1"
   ],
   "locations": [
    {
     "path": "/somefile-1.txt",
     "layer-index": 0
    }
   ]
  }
 },
 {
  "vulnerability": {
   "id": "CVE-1999-0002",
   "description": "1999-02 description",
   "cvss-v2": {
    "base-score": 1,
    "exploitability-score": 2,
    "impact-score": 3,
    "vector": "vector"
   }
  },
  "match-details": {
   "matcher": "dpkg-matcher",
   "search-key": {
    "cpe": "somecpe"
   },
   "matched-on": {
    "constraint": "somecpe"
   }
  },
  "artifact": {
   "name": "package-1",
   "version": "1.0.1",
   "type": "deb",
   "found-by": [
    "the-cataloger-1"
   ],
   "locations": [
    {
     "path": "/somefile-1.txt",
     "layer-index": 0
    }
   ]
  }
 },
 {
  "vulnerability": {
   "id": "CVE-1999-0003",
   "description": "1999-03 description",
   "fixed-in-version": "the-other-next-version"
  },
  "match-details": {
   "matcher": "dpkg-matcher",
   "search-key": {
    "language": "java"
   },
   "matched-on": {
    "constraint": "< 2.0.0"
   }
  },
  "artifact": {
   "name": "package-1",
   "version": "1.0.1",
   "type": "deb",
   "found-by": [
    "the-cataloger-1"
   ],
   "locations": [
    {
     "path": "/somefile-1.txt",
     "layer-index": 0
    }
   ]
  }
 }
]
