<?xml version="1.0" encoding="UTF-8"?>
<bom xmlns="http://cyclonedx.org/schema/bom/1.4" serialNumber="urn:uuid:5d475869-46a2-4858-9bd8-3a281efc071c" version="1">
  <metadata>
    <timestamp>2022-11-23T13:36:48-05:00</timestamp>
    <tools>
      <tool>
        <vendor>anchore</vendor>
        <name>grype</name>
        <version>[not provided]</version>
      </tool>
    </tools>
    <component type="file">
      <name>/some/path</name>
    </component>
  </metadata>
  <components>
    <component bom-ref="4101d955-b078-4dd1-b41c-94a0ea5b2d9f" type="library">
      <name>package-1</name>
      <version>1.1.1</version>
    </component>
    <component bom-ref="555a5c88-4667-4532-bc45-e9e10d94894b" type="library">
      <name>package-2</name>
      <version>2.2.2</version>
    </component>
  </components>
  <vulnerabilities>
    <vulnerability>
      <id>CVE-1999-0001</id>
      <source>
        <name>source-1</name>
        <url>http://cve.mitre.org/cgi-bin/cvename.cgi?name=CVE-1999-0001</url>
      </source>
      <ratings>
        <rating>
          <severity>low</severity>
        </rating>
        <rating>
          <score>4</score>
          <method>CVSSv3</method>
          <vector>another vector</vector>
        </rating>
      </ratings>
      <description>1999-01 description</description>
      <advisories></advisories>
      <analysis>
        <state>in_triage</state>
      </analysis>
      <affects>
        <target>
          <ref>4101d955-b078-4dd1-b41c-94a0ea5b2d9f</ref>
        </target>
      </affects>
      <properties>
        <property name="grype:fixed_versions">the-next-version</property>
      </properties>
    </vulnerability>
    <vulnerability>
      <id>CVE-1999-0002</id>
      <source>
        <name>source-2</name>
        <url>http://cve.mitre.org/cgi-bin/cvename.cgi?name=CVE-1999-0002</url>
      </source>
      <ratings>
        <rating>
          <severity>critical</severity>
        </rating>
        <rating>
          <score>1</score>
          <method>CVSSv2</method>
          <vector>vector</vector>
        </rating>
      </ratings>
      <description>1999-02 description</description>
      <advisories></advisories>
      <analysis>
        <state>in_triage</state>
      </analysis>
      <affects>
        <target>
          <ref>555a5c88-4667-4532-bc45-e9e10d94894b</ref>
        </target>
      </affects>
      <properties></properties>
    </vulnerability>
  </vulnerabilities>
</bom>