{
  "bomFormat": "CycloneDX",
  "specVersion": "1.4",
  "serialNumber": "urn:uuid:446ffa98-0aa7-4ca6-9799-24817910ce5e",
  "version": 1,
  "metadata": {
    "timestamp": "2022-11-29T13:02:27-05:00",
    "tools": [
      {
        "vendor": "anchore",
        "name": "grype",
        "version": "[not provided]"
      }
    ],
    "component": {
      "type": "container",
      "name": "user-input",
      "version": "sha256:ca738abb87a8d58f112d3400ebb079b61ceae7dc290beb34bda735be4b1941d5"
    }
  },
  "components": [
    {
      "bom-ref": "0750e0ba-06ff-49e9-b2d6-e18748c10ccc",
      "type": "library",
      "name": "package-1",
      "version": "1.1.1"
    },
    {
      "bom-ref": "69ea052e-f59b-4a93-9af1-ee15adba8cfe",
      "type": "library",
      "name": "package-2",
      "version": "2.2.2",
      "licenses": [
        {
          "license": {
            "name": "MIT"
          }
        },
        {
          "license": {
            "name": "Apache-2.0"
          }
        }
      ]
    }
  ],
  "vulnerabilities": [
    {
      "id": "CVE-1999-0001",
      "source": {
        "name": "source-1",
        "url": "http://cve.mitre.org/cgi-bin/cvename.cgi?name=CVE-1999-0001"
      },
      "ratings": [
        {
          "severity": "low"
        },
        {
          "score": 4,
          "method": "CVSSv3",
          "vector": "another vector"
        }
      ],
      "description": "1999-01 description",
      "advisories": [],
      "analysis": {
        "state": "in_triage"
      },
      "affects": [
        {
          "ref": "0750e0ba-06ff-49e9-b2d6-e18748c10ccc"
        }
      ],
      "properties": [
        {
          "name": "grype:fixed_versions",
          "value": "the-next-version"
        }
      ]
    },
    {
      "id": "CVE-1999-0002",
      "source": {
        "name": "source-2",
        "url": "http://cve.mitre.org/cgi-bin/cvename.cgi?name=CVE-1999-0002"
      },
      "ratings": [
        {
          "severity": "critical"
        },
        {
          "score": 1,
          "method": "CVSSv2",
          "vector": "vector"
        }
      ],
      "description": "1999-02 description",
      "advisories": [],
      "analysis": {
        "state": "in_triage"
      },
      "affects": [
        {
          "ref": "69ea052e-f59b-4a93-9af1-ee15adba8cfe"
        }
      ],
      "properties": []
    }
  ]
}
