{
  "bomFormat": "CycloneDX",
  "specVersion": "1.4",
  "serialNumber": "urn:uuid:0a5b9db4-20ae-4a86-9a71-0253ee31b6a8",
  "version": 1,
  "metadata": {
    "timestamp": "2022-11-23T14:18:43-05:00",
    "tools": [
      {
        "vendor": "anchore",
        "name": "grype",
        "version": "[not provided]"
      }
    ],
    "component": {
      "type": "file",
      "name": "/some/path"
    }
  },
  "components": [
    {
      "bom-ref": "8938cdf5-5198-42cc-8cf4-9751f151b1ca",
      "type": "library",
      "name": "package-1",
      "version": "1.1.1"
    },
    {
      "bom-ref": "0beb078a-8468-4b5c-b50a-e60f1f421f34",
      "type": "library",
      "name": "package-2",
      "version": "2.2.2",
      "licenses": [
        {
          "license": {
            "name": "MIT"
          }
        },
        {
          "license": {
            "name": "Aoache-v2"
          }
        }
      ]
    }
  ],
  "vulnerabilities": [
    {
      "id": "CVE-1999-0001",
      "source": {
        "name": "source-1",
        "url": "http://cve.mitre.org/cgi-bin/cvename.cgi?name=CVE-1999-0001"
      },
      "ratings": [
        {
          "severity": "low"
        },
        {
          "score": 4,
          "method": "CVSSv3",
          "vector": "another vector"
        }
      ],
      "description": "1999-01 description",
      "advisories": [],
      "analysis": {
        "state": "in_triage"
      },
      "affects": [
        {
          "ref": "8938cdf5-5198-42cc-8cf4-9751f151b1ca"
        }
      ],
      "properties": [
        {
          "name": "grype:fixed_versions",
          "value": "the-next-version"
        }
      ]
    },
    {
      "id": "CVE-1999-0002",
      "source": {
        "name": "source-2",
        "url": "http://cve.mitre.org/cgi-bin/cvename.cgi?name=CVE-1999-0002"
      },
      "ratings": [
        {
          "severity": "critical"
        },
        {
          "score": 1,
          "method": "CVSSv2",
          "vector": "vector"
        }
      ],
      "description": "1999-02 description",
      "advisories": [],
      "analysis": {
        "state": "in_triage"
      },
      "affects": [
        {
          "ref": "0beb078a-8468-4b5c-b50a-e60f1f421f34"
        }
      ],
      "properties": []
    }
  ]
}
