<?xml version="1.0" encoding="UTF-8"?>
<bom xmlns="http://cyclonedx.org/schema/bom/1.4" serialNumber="urn:uuid:9d4c727e-1bc5-41ad-9a5e-bf54a77287fd" version="1">
  <metadata>
    <timestamp>2022-11-23T11:49:02-05:00</timestamp>
    <tools>
      <tool>
        <vendor>anchore</vendor>
        <name>grype</name>
        <version>[not provided]</version>
      </tool>
    </tools>
    <component type="file">
      <name>/some/path</name>
    </component>
  </metadata>
  <components>
    <component bom-ref="0bc7e6ff-87d0-4d48-8207-79c5ae1773f0" type="library">
      <name>package-1</name>
      <version>1.1.1</version>
    </component>
    <component bom-ref="05b13bfd-a99c-4f2f-9ff3-11e52f5b6d9d" type="library">
      <name>package-2</name>
      <version>2.2.2</version>
    </component>
  </components>
  <vulnerabilities>
    <vulnerability>
      <id>CVE-1999-0001</id>
      <source>
        <name>source-1</name>
        <url>http://cve.mitre.org/cgi-bin/cvename.cgi?name=CVE-1999-0001</url>
      </source>
      <ratings>
        <rating>
          <severity>low</severity>
        </rating>
        <rating>
          <score>4</score>
          <method>CVSSv3</method>
          <vector>another vector</vector>
        </rating>
      </ratings>
      <description>1999-01 description</description>
      <advisories></advisories>
      <analysis>
        <state>in_triage</state>
      </analysis>
      <affects>
        <target>
          <ref>0bc7e6ff-87d0-4d48-8207-79c5ae1773f0</ref>
        </target>
      </affects>
      <properties>
        <property name="grype:fixed_versions">the-next-version</property>
      </properties>
    </vulnerability>
    <vulnerability>
      <id>CVE-1999-0002</id>
      <source>
        <name>source-2</name>
        <url>http://cve.mitre.org/cgi-bin/cvename.cgi?name=CVE-1999-0002</url>
      </source>
      <ratings>
        <rating>
          <severity>critical</severity>
        </rating>
        <rating>
          <score>1</score>
          <method>CVSSv2</method>
          <vector>vector</vector>
        </rating>
      </ratings>
      <description>1999-02 description</description>
      <advisories></advisories>
      <analysis>
        <state>in_triage</state>
      </analysis>
      <affects>
        <target>
          <ref>0bc7e6ff-87d0-4d48-8207-79c5ae1773f0</ref>
        </target>
      </affects>
      <properties></properties>
    </vulnerability>
  </vulnerabilities>
</bom>