{
  "bomFormat": "CycloneDX",
  "specVersion": "1.4",
  "serialNumber": "urn:uuid:09c02e63-f3be-4e31-89f6-3f25a28c836a",
  "version": 1,
  "metadata": {
    "timestamp": "2022-11-23T14:18:43-05:00",
    "tools": [
      {
        "vendor": "anchore",
        "name": "grype",
        "version": "[not provided]"
      }
    ],
    "component": {
      "type": "container",
      "name": "user-input",
      "version": "sha256:ca738abb87a8d58f112d3400ebb079b61ceae7dc290beb34bda735be4b1941d5"
    }
  },
  "components": [
    {
      "bom-ref": "99645fbe-7953-42e1-8a90-6b16223f5e01",
      "type": "library",
      "name": "package-1",
      "version": "1.1.1"
    },
    {
      "bom-ref": "76ed5581-f117-44de-b2d1-ef21976a7209",
      "type": "library",
      "name": "package-2",
      "version": "2.2.2",
      "licenses": [
        {
          "license": {
            "name": "MIT"
          }
        },
        {
          "license": {
            "name": "Aoache-v2"
          }
        }
      ]
    }
  ],
  "vulnerabilities": [
    {
      "id": "CVE-1999-0001",
      "source": {
        "name": "source-1",
        "url": "http://cve.mitre.org/cgi-bin/cvename.cgi?name=CVE-1999-0001"
      },
      "ratings": [
        {
          "severity": "low"
        },
        {
          "score": 4,
          "method": "CVSSv3",
          "vector": "another vector"
        }
      ],
      "description": "1999-01 description",
      "advisories": [],
      "analysis": {
        "state": "in_triage"
      },
      "affects": [
        {
          "ref": "99645fbe-7953-42e1-8a90-6b16223f5e01"
        }
      ],
      "properties": [
        {
          "name": "grype:fixed_versions",
          "value": "the-next-version"
        }
      ]
    },
    {
      "id": "CVE-1999-0002",
      "source": {
        "name": "source-2",
        "url": "http://cve.mitre.org/cgi-bin/cvename.cgi?name=CVE-1999-0002"
      },
      "ratings": [
        {
          "severity": "critical"
        },
        {
          "score": 1,
          "method": "CVSSv2",
          "vector": "vector"
        }
      ],
      "description": "1999-02 description",
      "advisories": [],
      "analysis": {
        "state": "in_triage"
      },
      "affects": [
        {
          "ref": "76ed5581-f117-44de-b2d1-ef21976a7209"
        }
      ],
      "properties": []
    }
  ]
}
