<?xml version="1.0" encoding="UTF-8"?>
<bom xmlns="http://cyclonedx.org/schema/bom/1.4" serialNumber="urn:uuid:ea82892e-0d66-452e-a404-dc070ec7b729" version="1">
  <metadata>
    <timestamp>2022-11-23T14:18:43-05:00</timestamp>
    <tools>
      <tool>
        <vendor>anchore</vendor>
        <name>grype</name>
        <version>[not provided]</version>
      </tool>
    </tools>
    <component type="file">
      <name>/some/path</name>
    </component>
  </metadata>
  <components>
    <component bom-ref="64ab86ae-5bb8-40a3-b353-394dc3059e04" type="library">
      <name>package-1</name>
      <version>1.1.1</version>
    </component>
    <component bom-ref="5da08d3f-5b81-4ef3-9f07-25aac69dfa2b" type="library">
      <name>package-2</name>
      <version>2.2.2</version>
      <licenses>
        <license>
          <name>MIT</name>
        </license>
        <license>
          <name>Aoache-v2</name>
        </license>
      </licenses>
    </component>
  </components>
  <vulnerabilities>
    <vulnerability>
      <id>CVE-1999-0001</id>
      <source>
        <name>source-1</name>
        <url>http://cve.mitre.org/cgi-bin/cvename.cgi?name=CVE-1999-0001</url>
      </source>
      <ratings>
        <rating>
          <severity>low</severity>
        </rating>
        <rating>
          <score>4</score>
          <method>CVSSv3</method>
          <vector>another vector</vector>
        </rating>
      </ratings>
      <description>1999-01 description</description>
      <advisories></advisories>
      <analysis>
        <state>in_triage</state>
      </analysis>
      <affects>
        <target>
          <ref>64ab86ae-5bb8-40a3-b353-394dc3059e04</ref>
        </target>
      </affects>
      <properties>
        <property name="grype:fixed_versions">the-next-version</property>
      </properties>
    </vulnerability>
    <vulnerability>
      <id>CVE-1999-0002</id>
      <source>
        <name>source-2</name>
        <url>http://cve.mitre.org/cgi-bin/cvename.cgi?name=CVE-1999-0002</url>
      </source>
      <ratings>
        <rating>
          <severity>critical</severity>
        </rating>
        <rating>
          <score>1</score>
          <method>CVSSv2</method>
          <vector>vector</vector>
        </rating>
      </ratings>
      <description>1999-02 description</description>
      <advisories></advisories>
      <analysis>
        <state>in_triage</state>
      </analysis>
      <affects>
        <target>
          <ref>5da08d3f-5b81-4ef3-9f07-25aac69dfa2b</ref>
        </target>
      </affects>
      <properties></properties>
    </vulnerability>
  </vulnerabilities>
</bom>