{
  "bomFormat": "CycloneDX",
  "specVersion": "1.4",
  "serialNumber": "urn:uuid:71840f70-739f-4044-8074-f37c1212d1f2",
  "version": 1,
  "metadata": {
    "timestamp": "2022-11-23T11:49:02-05:00",
    "tools": [
      {
        "vendor": "anchore",
        "name": "grype",
        "version": "[not provided]"
      }
    ],
    "component": {
      "type": "file",
      "name": "/some/path"
    }
  },
  "components": [
    {
      "bom-ref": "58ff09ab-760b-4b7d-b64b-5f40ad980aa6",
      "type": "library",
      "name": "package-1",
      "version": "1.1.1"
    },
    {
      "bom-ref": "bcfa21bb-0d02-4e1e-8335-6a0fdae3ca58",
      "type": "library",
      "name": "package-2",
      "version": "2.2.2"
    }
  ],
  "vulnerabilities": [
    {
      "id": "CVE-1999-0001",
      "source": {
        "name": "source-1",
        "url": "http://cve.mitre.org/cgi-bin/cvename.cgi?name=CVE-1999-0001"
      },
      "ratings": [
        {
          "severity": "low"
        },
        {
          "score": 4,
          "method": "CVSSv3",
          "vector": "another vector"
        }
      ],
      "description": "1999-01 description",
      "advisories": [],
      "analysis": {
        "state": "in_triage"
      },
      "affects": [
        {
          "ref": "58ff09ab-760b-4b7d-b64b-5f40ad980aa6"
        }
      ],
      "properties": [
        {
          "name": "grype:fixed_versions",
          "value": "the-next-version"
        }
      ]
    },
    {
      "id": "CVE-1999-0002",
      "source": {
        "name": "source-2",
        "url": "http://cve.mitre.org/cgi-bin/cvename.cgi?name=CVE-1999-0002"
      },
      "ratings": [
        {
          "severity": "critical"
        },
        {
          "score": 1,
          "method": "CVSSv2",
          "vector": "vector"
        }
      ],
      "description": "1999-02 description",
      "advisories": [],
      "analysis": {
        "state": "in_triage"
      },
      "affects": [
        {
          "ref": "58ff09ab-760b-4b7d-b64b-5f40ad980aa6"
        }
      ],
      "properties": []
    }
  ]
}
