<?xml version="1.0" encoding="UTF-8"?>
<bom xmlns="http://cyclonedx.org/schema/bom/1.4" serialNumber="urn:uuid:3437b864-6861-4fd2-8510-7195628a745b" version="1">
  <metadata>
    <timestamp>2022-11-23T14:18:43-05:00</timestamp>
    <tools>
      <tool>
        <vendor>anchore</vendor>
        <name>grype</name>
        <version>[not provided]</version>
      </tool>
    </tools>
    <component type="container">
      <name>user-input</name>
      <version>sha256:ca738abb87a8d58f112d3400ebb079b61ceae7dc290beb34bda735be4b1941d5</version>
    </component>
  </metadata>
  <components>
    <component bom-ref="f51fc0ca-8c23-4c3f-956d-dcf34a816c17" type="library">
      <name>package-1</name>
      <version>1.1.1</version>
    </component>
    <component bom-ref="9a84758d-10ae-4178-b7ee-e451d06a275c" type="library">
      <name>package-2</name>
      <version>2.2.2</version>
      <licenses>
        <license>
          <name>MIT</name>
        </license>
        <license>
          <name>Aoache-v2</name>
        </license>
      </licenses>
    </component>
  </components>
  <vulnerabilities>
    <vulnerability>
      <id>CVE-1999-0001</id>
      <source>
        <name>source-1</name>
        <url>http://cve.mitre.org/cgi-bin/cvename.cgi?name=CVE-1999-0001</url>
      </source>
      <ratings>
        <rating>
          <severity>low</severity>
        </rating>
        <rating>
          <score>4</score>
          <method>CVSSv3</method>
          <vector>another vector</vector>
        </rating>
      </ratings>
      <description>1999-01 description</description>
      <advisories></advisories>
      <analysis>
        <state>in_triage</state>
      </analysis>
      <affects>
        <target>
          <ref>f51fc0ca-8c23-4c3f-956d-dcf34a816c17</ref>
        </target>
      </affects>
      <properties>
        <property name="grype:fixed_versions">the-next-version</property>
      </properties>
    </vulnerability>
    <vulnerability>
      <id>CVE-1999-0002</id>
      <source>
        <name>source-2</name>
        <url>http://cve.mitre.org/cgi-bin/cvename.cgi?name=CVE-1999-0002</url>
      </source>
      <ratings>
        <rating>
          <severity>critical</severity>
        </rating>
        <rating>
          <score>1</score>
          <method>CVSSv2</method>
          <vector>vector</vector>
        </rating>
      </ratings>
      <description>1999-02 description</description>
      <advisories></advisories>
      <analysis>
        <state>in_triage</state>
      </analysis>
      <affects>
        <target>
          <ref>9a84758d-10ae-4178-b7ee-e451d06a275c</ref>
        </target>
      </affects>
      <properties></properties>
    </vulnerability>
  </vulnerabilities>
</bom>