{
  "bomFormat": "CycloneDX",
  "specVersion": "1.4",
  "serialNumber": "urn:uuid:1f3eb6d6-d5fa-45aa-913a-d037ef37dff8",
  "version": 1,
  "metadata": {
    "timestamp": "2022-11-23T11:49:02-05:00",
    "tools": [
      {
        "vendor": "anchore",
        "name": "grype",
        "version": "[not provided]"
      }
    ],
    "component": {
      "type": "container",
      "name": "user-input"
    }
  },
  "components": [
    {
      "bom-ref": "785dcaa3-99c2-4e45-8403-d71d2e115d87",
      "type": "library",
      "name": "package-1",
      "version": "1.1.1"
    },
    {
      "bom-ref": "da552d4b-bb4b-4cbd-af75-ae4eae7c28f7",
      "type": "library",
      "name": "package-2",
      "version": "2.2.2"
    }
  ],
  "vulnerabilities": [
    {
      "id": "CVE-1999-0001",
      "source": {
        "name": "source-1",
        "url": "http://cve.mitre.org/cgi-bin/cvename.cgi?name=CVE-1999-0001"
      },
      "ratings": [
        {
          "severity": "low"
        },
        {
          "score": 4,
          "method": "CVSSv3",
          "vector": "another vector"
        }
      ],
      "description": "1999-01 description",
      "advisories": [],
      "analysis": {
        "state": "in_triage"
      },
      "affects": [
        {
          "ref": "785dcaa3-99c2-4e45-8403-d71d2e115d87"
        }
      ],
      "properties": [
        {
          "name": "grype:fixed_versions",
          "value": "the-next-version"
        }
      ]
    },
    {
      "id": "CVE-1999-0002",
      "source": {
        "name": "source-2",
        "url": "http://cve.mitre.org/cgi-bin/cvename.cgi?name=CVE-1999-0002"
      },
      "ratings": [
        {
          "severity": "critical"
        },
        {
          "score": 1,
          "method": "CVSSv2",
          "vector": "vector"
        }
      ],
      "description": "1999-02 description",
      "advisories": [],
      "analysis": {
        "state": "in_triage"
      },
      "affects": [
        {
          "ref": "785dcaa3-99c2-4e45-8403-d71d2e115d87"
        }
      ],
      "properties": []
    }
  ]
}
