<?xml version="1.0" encoding="UTF-8"?>
<bom xmlns="http://cyclonedx.org/schema/bom/1.4" serialNumber="urn:uuid:7171ebfe-2af1-4b35-83ae-8cdecd0b69d6" version="1">
  <metadata>
    <timestamp>2022-11-23T11:49:02-05:00</timestamp>
    <tools>
      <tool>
        <vendor>anchore</vendor>
        <name>grype</name>
        <version>[not provided]</version>
      </tool>
    </tools>
    <component type="container">
      <name>user-input</name>
    </component>
  </metadata>
  <components>
    <component bom-ref="91a37a15-7973-48e1-b857-34d08635694e" type="library">
      <name>package-1</name>
      <version>1.1.1</version>
    </component>
    <component bom-ref="d88b05c4-4d22-487f-8e7d-5d19357723f7" type="library">
      <name>package-2</name>
      <version>2.2.2</version>
    </component>
  </components>
  <vulnerabilities>
    <vulnerability>
      <id>CVE-1999-0001</id>
      <source>
        <name>source-1</name>
        <url>http://cve.mitre.org/cgi-bin/cvename.cgi?name=CVE-1999-0001</url>
      </source>
      <ratings>
        <rating>
          <severity>low</severity>
        </rating>
        <rating>
          <score>4</score>
          <method>CVSSv3</method>
          <vector>another vector</vector>
        </rating>
      </ratings>
      <description>1999-01 description</description>
      <advisories></advisories>
      <analysis>
        <state>in_triage</state>
      </analysis>
      <affects>
        <target>
          <ref>91a37a15-7973-48e1-b857-34d08635694e</ref>
        </target>
      </affects>
      <properties>
        <property name="grype:fixed_versions">the-next-version</property>
      </properties>
    </vulnerability>
    <vulnerability>
      <id>CVE-1999-0002</id>
      <source>
        <name>source-2</name>
        <url>http://cve.mitre.org/cgi-bin/cvename.cgi?name=CVE-1999-0002</url>
      </source>
      <ratings>
        <rating>
          <severity>critical</severity>
        </rating>
        <rating>
          <score>1</score>
          <method>CVSSv2</method>
          <vector>vector</vector>
        </rating>
      </ratings>
      <description>1999-02 description</description>
      <advisories></advisories>
      <analysis>
        <state>in_triage</state>
      </analysis>
      <affects>
        <target>
          <ref>91a37a15-7973-48e1-b857-34d08635694e</ref>
        </target>
      </affects>
      <properties></properties>
    </vulnerability>
  </vulnerabilities>
</bom>