<?xml version="1.0" encoding="UTF-8"?>
<bom xmlns="http://cyclonedx.org/schema/bom/1.4" serialNumber="urn:uuid:e6978a5a-365c-4c9d-863b-51da91f07648" version="1">
  <metadata>
    <timestamp>2022-12-21T13:04:52-05:00</timestamp>
    <tools>
      <tool>
        <vendor>anchore</vendor>
        <name>syft</name>
      </tool>
    </tools>
  </metadata>
  <components></components>
  <vulnerabilities>
    <vulnerability bom-ref="urn:uuid:416c3196-537e-4022-be2d-3d7f8e33119d">
      <id>CVE-1999-0001</id>
      <source></source>
      <references>
        <reference>
          <id>CVE-1999-0001</id>
          <source></source>
        </reference>
      </references>
      <ratings>
        <rating>
          <score>4</score>
          <severity>low</severity>
          <method>CVSSv3</method>
          <vector>another vector</vector>
        </rating>
      </ratings>
      <description>1999-01 description</description>
      <advisories></advisories>
    </vulnerability>
    <vulnerability bom-ref="urn:uuid:a255e1d3-1eea-4f59-b81a-953d2a8de113">
      <id>CVE-1999-0002</id>
      <source></source>
      <references>
        <reference>
          <id>CVE-1999-0002</id>
          <source></source>
        </reference>
      </references>
      <ratings>
        <rating>
          <score>1</score>
          <severity>critical</severity>
          <method>CVSSv2</method>
          <vector>vector</vector>
        </rating>
      </ratings>
      <description>1999-02 description</description>
      <advisories></advisories>
    </vulnerability>
  </vulnerabilities>
</bom>