{
  "$schema": "http://cyclonedx.org/schema/bom-1.5.schema.json",
  "bomFormat": "CycloneDX",
  "specVersion": "1.5",
  "serialNumber": "urn:uuid:22ea55ec-c861-4f75-9c8e-3f14fa5a8833",
  "version": 1,
  "metadata": {
    "timestamp": "2023-10-30T14:11:18-04:00",
    "tools": [
      {
        "vendor": "anchore",
        "name": "grype",
        "version": "[not provided]"
      }
    ]
  },
  "components": [
    {
      "bom-ref": "844d423c986e2f52",
      "type": "library",
      "name": "package-1",
      "version": "1.1.1",
      "cpe": "cpe:2.3:a:anchore:engine:0.9.2:*:*:python:*:*:*:*",
      "properties": [
        {
          "name": "syft:package:type",
          "value": "rpm"
        },
        {
          "name": "syft:package:metadataType",
          "value": ""
        },
        {
          "name": "syft:location:0:path",
          "value": "/foo/bar/somefile-1.txt"
        }
      ]
    },
    {
      "bom-ref": "32e0a4b10756376c",
      "type": "library",
      "name": "package-2",
      "version": "2.2.2",
      "cpe": "cpe:2.3:a:anchore:engine:2.2.2:*:*:python:*:*:*:*",
      "properties": [
        {
          "name": "syft:package:type",
          "value": "deb"
        },
        {
          "name": "syft:location:0:path",
          "value": "/foo/bar/somefile-2.txt"
        }
      ]
    }
  ],
  "vulnerabilities": [
    {
      "bom-ref": "urn:uuid:b86b2d7f-a891-4d0b-acc9-036d8888d66f",
      "id": "CVE-1999-0001",
      "source": {},
      "references": [
        {
          "id": "CVE-1999-0001",
          "source": {}
        }
      ],
      "ratings": [
        {
          "score": 4,
          "severity": "low",
          "method": "CVSSv3",
          "vector": "another vector"
        }
      ],
      "description": "1999-01 description",
      "advisories": [],
      "affects": [
        {
          "ref": "96699b00fe3004b4"
        }
      ]
    },
    {
      "bom-ref": "urn:uuid:be671211-e835-4bf6-8ef8-16d51a4ea1da",
      "id": "CVE-1999-0002",
      "source": {},
      "references": [
        {
          "id": "CVE-1999-0002",
          "source": {}
        }
      ],
      "ratings": [
        {
          "score": 1,
          "severity": "critical",
          "method": "CVSSv2",
          "vector": "vector"
        }
      ],
      "description": "1999-02 description",
      "advisories": [],
      "affects": [
        {
          "ref": "b4013a965511376c"
        }
      ]
    }
  ]
}
