<?xml version="1.0" encoding="UTF-8"?>
<bom xmlns="http://cyclonedx.org/schema/bom/1.4" serialNumber="urn:uuid:7bbe71d3-98b6-4966-8237-1ad36467ecee" version="1">
  <metadata>
    <timestamp>2022-12-21T12:15:27-05:00</timestamp>
    <tools>
      <tool>
        <vendor>anchore</vendor>
        <name>syft</name>
      </tool>
    </tools>
  </metadata>
  <components></components>
  <vulnerabilities>
    <vulnerability bom-ref="urn:uuid:39251a04-2ece-4480-ad36-6d7faa631e0a">
      <id>CVE-1999-0001</id>
      <source></source>
      <references>
        <reference>
          <id>CVE-1999-0001</id>
          <source></source>
        </reference>
      </references>
      <ratings>
        <rating>
          <score>4</score>
          <severity>low</severity>
          <method>CVSSv3</method>
          <vector>another vector</vector>
        </rating>
      </ratings>
      <description>1999-01 description</description>
      <advisories></advisories>
    </vulnerability>
    <vulnerability bom-ref="urn:uuid:5e065946-950f-4023-8166-9d0bd6a57965">
      <id>CVE-1999-0002</id>
      <source></source>
      <references>
        <reference>
          <id>CVE-1999-0002</id>
          <source></source>
        </reference>
      </references>
      <ratings>
        <rating>
          <score>1</score>
          <severity>critical</severity>
          <method>CVSSv2</method>
          <vector>vector</vector>
        </rating>
      </ratings>
      <description>1999-02 description</description>
      <advisories></advisories>
    </vulnerability>
  </vulnerabilities>
</bom>