<?xml version="1.0" encoding="UTF-8"?>
<bom xmlns="http://cyclonedx.org/schema/bom/1.2" xmlns:bd="http://cyclonedx.org/schema/ext/bom-descriptor/1.0" xmlns:v="http://cyclonedx.org/schema/ext/vulnerability/1.0" version="1" serialNumber="urn:uuid:fb34f36c-9e1e-498e-920f-87b93d11c80a">
  <components>
    <component type="library">
      <name>package-1</name>
      <version>1.0.1</version>
      <v:vulnerabilities>
        <v:vulnerability ref="urn:uuid:46a01c04-1a43-49ac-b2f6-0aeb0f707da2">
          <v:id>CVE-1999-0001</v:id>
          <v:source name="source-1">
            <v:url>http://cve.mitre.org/cgi-bin/cvename.cgi?name=CVE-1999-0001</v:url>
          </v:source>
          <v:ratings>
            <v:rating>
              <v:score>
                <v:base>4</v:base>
                <v:impact>0</v:impact>
                <v:exploitability>0</v:exploitability>
              </v:score>
              <v:severity>Low</v:severity>
              <v:method>CVSSv3</v:method>
              <v:vector>another vector</v:vector>
            </v:rating>
          </v:ratings>
          <v:description>1999-01 description</v:description>
          <v:advisories></v:advisories>
        </v:vulnerability>
        <v:vulnerability ref="urn:uuid:a2a52b9c-92be-4b42-a56f-109ae0bab1b5">
          <v:id>CVE-1999-0002</v:id>
          <v:source name="source-2">
            <v:url>http://cve.mitre.org/cgi-bin/cvename.cgi?name=CVE-1999-0002</v:url>
          </v:source>
          <v:ratings>
            <v:rating>
              <v:score>
                <v:base>1</v:base>
                <v:impact>3</v:impact>
                <v:exploitability>2</v:exploitability>
              </v:score>
              <v:severity>Critical</v:severity>
              <v:method>CVSSv2</v:method>
              <v:vector>vector</v:vector>
            </v:rating>
          </v:ratings>
          <v:description>1999-02 description</v:description>
          <v:advisories></v:advisories>
        </v:vulnerability>
      </v:vulnerabilities>
    </component>
    <component type="library">
      <name>package-2</name>
      <version>2.0.1</version>
      <licenses>
        <license>
          <name>MIT</name>
        </license>
        <license>
          <name>Apache-v2</name>
        </license>
      </licenses>
    </component>
  </components>
  <bd:metadata>
    <bd:timestamp>2020-11-17T14:03:05-05:00</bd:timestamp>
    <bd:tool>
      <bd:vendor>anchore</bd:vendor>
      <bd:name>grype</bd:name>
      <bd:version>[not provided]</bd:version>
    </bd:tool>
    <bd:component type="file">
      <name>/some/path</name>
      <version></version>
    </bd:component>
  </bd:metadata>
</bom><?xml version="1.0" encoding="UTF-8"?>
<bom xmlns="http://cyclonedx.org/schema/bom/1.2" xmlns:bd="http://cyclonedx.org/schema/ext/bom-descriptor/1.0" xmlns:v="http://cyclonedx.org/schema/ext/vulnerability/1.0" version="1" serialNumber="urn:uuid:c1066aac-1c8d-4d82-bca8-774723747bea">
  <components>
    <component type="library">
      <name>package-1</name>
      <version>1.0.1</version>
      <v:vulnerabilities>
        <v:vulnerability ref="urn:uuid:a7a25280-06c9-45f2-bb78-4be83dbbb213">
          <v:id>CVE-1999-0001</v:id>
          <v:source name="source-1">
            <v:url>http://cve.mitre.org/cgi-bin/cvename.cgi?name=CVE-1999-0001</v:url>
          </v:source>
          <v:ratings>
            <v:rating>
              <v:score>
                <v:base>4</v:base>
                <v:impact>0</v:impact>
                <v:exploitability>0</v:exploitability>
              </v:score>
              <v:severity>Low</v:severity>
              <v:method>CVSSv3</v:method>
              <v:vector>another vector</v:vector>
            </v:rating>
          </v:ratings>
          <v:description>1999-01 description</v:description>
          <v:advisories></v:advisories>
        </v:vulnerability>
        <v:vulnerability ref="urn:uuid:31daf17d-2422-4861-b19b-ef16fe112f38">
          <v:id>CVE-1999-0002</v:id>
          <v:source name="source-2">
            <v:url>http://cve.mitre.org/cgi-bin/cvename.cgi?name=CVE-1999-0002</v:url>
          </v:source>
          <v:ratings>
            <v:rating>
              <v:score>
                <v:base>1</v:base>
                <v:impact>3</v:impact>
                <v:exploitability>2</v:exploitability>
              </v:score>
              <v:severity>Critical</v:severity>
              <v:method>CVSSv2</v:method>
              <v:vector>vector</v:vector>
            </v:rating>
          </v:ratings>
          <v:description>1999-02 description</v:description>
          <v:advisories></v:advisories>
        </v:vulnerability>
      </v:vulnerabilities>
    </component>
    <component type="library">
      <name>package-2</name>
      <version>2.0.1</version>
      <licenses>
        <license>
          <name>MIT</name>
        </license>
        <license>
          <name>Apache-v2</name>
        </license>
      </licenses>
    </component>
  </components>
  <bd:metadata>
    <bd:timestamp>2020-11-17T14:03:05-05:00</bd:timestamp>
    <bd:tool>
      <bd:vendor>anchore</bd:vendor>
      <bd:name>grype</bd:name>
      <bd:version>[not provided]</bd:version>
    </bd:tool>
    <bd:component type="container">
      <name>user-input</name>
      <version>sha256:2731251dc34951c0e50fcc643b4c5f74922dad1a5d98f302b504cf46cd5d9368</version>
    </bd:component>
  </bd:metadata>
</bom>