<?xml version="1.0" encoding="UTF-8"?>
<bom xmlns="http://cyclonedx.org/schema/bom/1.2" xmlns:v="http://cyclonedx.org/schema/ext/vulnerability/1.0" version="1" serialNumber="urn:uuid:4862acf1-cd97-4347-8d7f-32e70e58f387">
  <metadata>
    <timestamp>2022-01-14T16:06:26-05:00</timestamp>
    <tools>
      <tool>
        <vendor>anchore</vendor>
        <name>grype</name>
        <version>[not provided]</version>
      </tool>
    </tools>
    <component type="container">
      <name>user-input</name>
      <version>sha256:2731251dc34951c0e50fcc643b4c5f74922dad1a5d98f302b504cf46cd5d9368</version>
    </component>
  </metadata>
  <components>
    <component type="library">
      <name>package-1</name>
      <version>1.0.1</version>
      <v:vulnerabilities>
        <v:vulnerability ref="urn:uuid:f5628a39-0ac5-41c6-b79e-8702982c5dbd">
          <v:id>CVE-1999-0001</v:id>
          <v:source name="source-1">
            <v:url>http://cve.mitre.org/cgi-bin/cvename.cgi?name=CVE-1999-0001</v:url>
          </v:source>
          <v:ratings>
            <v:rating>
              <v:severity>Low</v:severity>
            </v:rating>
            <v:rating>
              <v:score>
                <v:base>4</v:base>
                <v:impact>0</v:impact>
                <v:exploitability>0</v:exploitability>
              </v:score>
              <v:method>CVSSv3</v:method>
              <v:vector>another vector</v:vector>
            </v:rating>
          </v:ratings>
          <v:description>1999-01 description</v:description>
          <v:advisories></v:advisories>
        </v:vulnerability>
      </v:vulnerabilities>
    </component>
    <component type="library">
      <name>package-2</name>
      <version>2.0.1</version>
      <licenses>
        <license>
          <name>MIT</name>
        </license>
        <license>
          <name>Apache-v2</name>
        </license>
      </licenses>
      <v:vulnerabilities>
        <v:vulnerability ref="urn:uuid:dade3995-2db1-450b-84c8-a56f8f89abd1">
          <v:id>CVE-1999-0002</v:id>
          <v:source name="source-2">
            <v:url>http://cve.mitre.org/cgi-bin/cvename.cgi?name=CVE-1999-0002</v:url>
          </v:source>
          <v:ratings>
            <v:rating>
              <v:severity>Critical</v:severity>
            </v:rating>
            <v:rating>
              <v:score>
                <v:base>1</v:base>
                <v:impact>3</v:impact>
                <v:exploitability>2</v:exploitability>
              </v:score>
              <v:method>CVSSv2</v:method>
              <v:vector>vector</v:vector>
            </v:rating>
          </v:ratings>
          <v:description>1999-02 description</v:description>
          <v:advisories></v:advisories>
        </v:vulnerability>
      </v:vulnerabilities>
    </component>
  </components>
</bom>