{
  "version": "2.1.0",
  "$schema": "https://json.schemastore.org/sarif-2.1.0-rtm.5.json",
  "runs": [
    {
      "tool": {
        "driver": {
          "name": "Anchore Container Vulnerability Report (T0)",
          "version": "[not provided]",
          "informationUri": null,
          "rules": [
            {
              "id": "ANCHOREVULN_user-input_CVE-1999-0001_deb_package-1_1.0.1",
              "shortDescription": {
                "text": "CVE-1999-0001 Low vulnerability for package-1 package"
              },
              "fullDescription": {
                "text": "1999-01 description"
              },
              "help": {
                "text": "Vulnerability CVE-1999-0001\nSeverity: Low\nPackage: package-1\nVersion: 1.0.1\nFix Version: \nType: deb\nLocation: Dockerfile\nData Namespace: unknown\nLink: CVE-1999-0001",
                "markdown": "**Vulnerability CVE-1999-0001**\n| Severity | Package | Version | Fix Version | Type | Location | Data Namespace | Link |\n| --- | --- | --- | --- | --- | --- | --- | --- |\n|Low|package-1|1.0.1||deb|Dockerfile|unknown|CVE-1999-0001|\n"
              }
            },
            {
              "id": "ANCHOREVULN_user-input_CVE-1999-0002_deb_package-2_2.0.1",
              "shortDescription": {
                "text": "CVE-1999-0002 Critical vulnerability for package-2 package"
              },
              "fullDescription": {
                "text": "1999-02 description"
              },
              "help": {
                "text": "Vulnerability CVE-1999-0002\nSeverity: Critical\nPackage: package-2\nVersion: 2.0.1\nFix Version: \nType: deb\nLocation: Dockerfile\nData Namespace: unknown\nLink: CVE-1999-0002",
                "markdown": "**Vulnerability CVE-1999-0002**\n| Severity | Package | Version | Fix Version | Type | Location | Data Namespace | Link |\n| --- | --- | --- | --- | --- | --- | --- | --- |\n|Critical|package-2|2.0.1||deb|Dockerfile|unknown|CVE-1999-0002|\n"
              }
            }
          ]
        }
      },
      "results": [
        {
          "ruleId": "ANCHOREVULN_user-input_CVE-1999-0001_deb_package-1_1.0.1",
          "ruleIndex": 0,
          "level": "warning",
          "message": {
            "text": "The path Dockerfile reports package-1 at version 1.0.1  which is a vulnerable (deb) package installed in the container",
            "id": "default"
          },
          "locations": [
            {
              "physicalLocation": {
                "artifactLocation": {
                  "uri": "Dockerfile"
                },
                "region": {
                  "startLine": 1,
                  "startColumn": 1,
                  "endLine": 1,
                  "endColumn": 1,
                  "byteOffset": 1,
                  "byteLength": 1
                }
              },
              "logicalLocations": [
                {
                  "fullyQualifiedName": "dockerfile"
                }
              ]
            }
          ],
          "analysisTarget": {
            "uri": "Dockerfile"
          },
          "suppressions": [
            {
              "kind": "external",
              "status": null,
              "location": null,
              "guid": null,
              "justification": null
            }
          ],
          "baselineState": "unchanged"
        },
        {
          "ruleId": "ANCHOREVULN_user-input_CVE-1999-0002_deb_package-2_2.0.1",
          "ruleIndex": 0,
          "level": "error",
          "message": {
            "text": "The path Dockerfile reports package-2 at version 2.0.1  which is a vulnerable (deb) package installed in the container",
            "id": "default"
          },
          "locations": [
            {
              "physicalLocation": {
                "artifactLocation": {
                  "uri": "Dockerfile"
                },
                "region": {
                  "startLine": 1,
                  "startColumn": 1,
                  "endLine": 1,
                  "endColumn": 1,
                  "byteOffset": 1,
                  "byteLength": 1
                }
              },
              "logicalLocations": [
                {
                  "fullyQualifiedName": "dockerfile"
                }
              ]
            }
          ],
          "analysisTarget": {
            "uri": "Dockerfile"
          },
          "suppressions": [
            {
              "kind": "external",
              "status": null,
              "location": null,
              "guid": null,
              "justification": null
            }
          ],
          "baselineState": "unchanged"
        }
      ]
    }
  ]
}