
[Test_postUIEventWriter_write/no_events/stdout - 1]

---

[Test_postUIEventWriter_write/no_events/stderr - 1]

---

[Test_postUIEventWriter_write/all_events/stdout - 1]


<my --
-
-
report 1!!>
<report 2>

---

[Test_postUIEventWriter_write/all_events/stderr - 1]
                    
                    
<my notification 1!!
...still notifying> 
                    
                    
<notification 2>
<notification 3>
                        
                        
<my app can be updated!!
...to this version>     
                        
                        

---

[Test_postUIEventWriter_write/quiet_only_shows_report/stdout - 1]
<report 1>

---

[Test_postUIEventWriter_write/quiet_only_shows_report/stderr - 1]

---